1	1	100	1:1-100:name1:600	600
1	10	100	1:10-100:name2:1000	1000
6	90	100	6:90-100:name3:20	20
chr11	99	100	chr11:99-100:name4:10	10
5	10	100	5:10-100:name5:500	500
4	1	150	4:1-150:name6:550	550
1	5000	6000	1:5000-6000:name7:400	400
1	1	50	1:1-50:name8:300	300
1	25	30	1:25-30:name9:250	250
1	75	90	1:75-90:name10:0	0
